[nftweb.framer.ai/index.html]
[backblue.gif]
[fade.gif]
[index.html]
[framerusercontent.com/sites/icons/default-favicon.v3.png]
[framerusercontent.com/images/0kvRvD077b1xMt3zOHSmUiKAFac.jpg]
[framerusercontent.com/images/wehRZo4TuVNmgXpvoswJx5eq3b8.jpg]
[framerusercontent.com/images/3ANbsO7I4XEDx7hYpcTz7y3eENw.jpg]
[framerusercontent.com/images/YYoya9zbaL2M2LsJYSUWmxNfr2k.jpg]
[framerusercontent.com/images/8t75LfEAVr6VdS0hGjucpO8nxIc.jpg]
[framerusercontent.com/images/W51RvMmwFDrWMJxUoBtxXqO7AX0.jpg]
[framerusercontent.com/images/kkIrNhWGhnowxsEIOBHAhOwKMI.jpg]
[framerusercontent.com/images/XulWxajAxnNvGTsfNJ4J3b8GeZM.jpg]
[framerusercontent.com/images/uayVKesYN3m2S6juEIqQVGpd2r0.jpg]
[framerusercontent.com/images/hju8kbXYWZ1r27vbax1T3bzkeSg.jpg]
[framerusercontent.com/images/hVYyCkkwZp18tCMxN94FXBqR3qU.png]
[framerusercontent.com/images/n3F98R2UhBGdQqrbcGUqMIsxCow.png]
[framerusercontent.com/images/G7aHQvBkL2kYjxi0h5vMxOz9oMc.png]
[framerusercontent.com/images/Bfqu5pLVmojCS9h2Dss0FA8plcU.png]
[framerusercontent.com/images/1b5b1zn4J2HGNI7I2ZRPkalWnPo.png]
[nftweb.framer.ai/Privacy-Policy.html]
[nftweb.framer.ai/Terms-of-Service.html]
[nftweb.framer.ai/index.html]
[nftweb.framer.ai/Privacy-Policy.html]
[nftweb.framer.ai/Terms-of-Service.html]
[nftweb.framer.ai/Yellowpaper.html]
[nftweb.framer.ai/Yellowpaper.html]
